"stride=64
0.00049 3867.703
0.00098 3843.354
0.00195 3885.059
0.00293 3857.305
0.00391 3853.594
0.00586 3872.945
0.00781 3963.073
0.00977 3975.399
0.01172 3974.961
0.01367 3963.083
0.01562 3959.616
0.01758 3959.730
0.01953 4005.258
0.02148 3984.869
0.02344 3964.750
0.02539 3975.949
0.02734 3974.313
0.02930 4020.004
0.03125 3959.682
0.03516 3969.242
0.03906 3964.697
0.04297 3953.687
0.04688 3971.048
0.05078 3966.378
0.05469 3945.077
0.05859 3979.846
0.06250 3962.473
0.07031 3976.930
0.07812 3932.042
0.08594 4023.368
0.09375 3967.737
0.10156 3963.498
0.10938 3977.074
0.11719 3991.103
0.12500 3967.587
0.14062 4013.583
0.15625 3963.497
0.17188 3974.296
0.18750 3973.253
0.20312 3968.000
0.21875 3961.262
0.23438 3955.337
0.25000 3907.329
0.28125 3905.950
0.31250 3955.710
0.34375 3991.025
0.37500 3974.646
0.40625 3982.152
0.43750 3967.591
0.46875 3966.084
0.50000 4041.947
0.56250 3968.582
0.62500 4044.695
0.68750 4031.820
0.75000 3966.609
0.81250 3960.433
0.87500 4031.154
0.93750 3960.982
1.00000 3984.249
1.12500 3966.931
1.25000 3994.814
1.37500 3945.988
1.50000 3978.583
1.62500 3952.633
1.75000 3961.529
1.87500 3982.569
2.00000 3974.123
2.25000 3962.288
2.50000 3952.206
2.75000 3970.754
3.00000 4039.753
3.25000 4052.402
3.50000 3997.091
3.75000 3995.571
4.00000 4024.546
4.50000 4071.568
5.00000 4095.211
5.50000 3986.083
6.00000 4035.915
6.50000 3993.108
7.00000 3986.579
7.50000 4086.048
8.00000 3950.271
9.00000 4030.102
10.00000 4021.955
11.00000 4028.638
12.00000 4155.119
13.00000 3974.749
14.00000 3987.317
15.00000 4025.936
16.00000 4021.644
18.00000 4034.125
20.00000 4118.380
22.00000 4072.929
24.00000 4146.199
26.00000 4075.918
28.00000 4104.669
30.00000 4129.949
32.00000 4227.988
36.00000 4198.523
40.00000 4203.311
44.00000 4147.806
48.00000 4158.975
52.00000 4095.892
56.00000 4157.292
60.00000 4153.221
64.00000 4185.567
72.00000 4153.632
80.00000 4189.223
88.00000 4160.716
96.00000 4140.246
104.00000 4229.587
112.00000 4125.751
120.00000 4168.768
128.00000 4130.096

